// Jest Snapshot v1, https://goo.gl/fbAQLP

exports[`withSortingComponent is rendered correctly 1`] = `
Array [
  <div>
    <innerMockComponent />
  </div>,
  <innerMockComponent
    offers={
      Array [
        Object {
          "bedroomsCount": 4,
          "city": "Amsterdam",
          "coordinates": Array [
            52.3909553943508,
            4.85309666406198,
          ],
          "description": "Lorem ipsum dolor sit amet, consectetur adipiscing elit. Cras aliquet varius magna, non porta ligula feugiat eget. Fusce tristique felis at fermentum pharetra. Aliquam id orci ut lectus varius viverra.",
          "host": Object {
            "avatar": "img/avatar-max.jpg",
            "name": "John",
            "super": false,
          },
          "id": 1,
          "maxGuests": 6,
          "options": Array [
            "Wifi",
            "Washing machine",
            "Towels",
            "Heating",
            "Kitchen",
            "Dishwasher",
            "Cabel TV",
            "Fridge",
          ],
          "premium": false,
          "price": 200,
          "rating": 3,
          "reviews": Array [
            Object {
              "date": "2020-02-22T00:00:00.000Z",
              "name": "Max",
              "rating": 1,
              "reviewID": 140,
              "src": "img/avatar-max.jpg",
              "text": "Lorem ipsum dolor sit amet, consectetur adipiscing elit. Cras aliquet varius magna, non porta ligula feugiat eget. Fusce tristique felis at fermentum pharetra. Aliquam id orci ut lectus varius viverra.",
            },
            Object {
              "date": "2020-02-24T00:00:00.000Z",
              "name": "John",
              "rating": 4,
              "reviewID": 151,
              "src": "img/avatar-max.jpg",
              "text": "Lorem ipsum dolor sit amet, consectetur adipiscing elit. Cras aliquet varius magna, non porta ligula feugiat eget. Fusce tristique felis at fermentum pharetra. Aliquam id orci ut lectus varius viverra.",
            },
            Object {
              "date": "2020-02-26T00:00:00.000Z",
              "name": "Victoria",
              "rating": 3,
              "reviewID": 160,
              "src": "img/avatar-max.jpg",
              "text": "Lorem ipsum dolor sit amet, consectetur adipiscing elit. Cras aliquet varius magna, non porta ligula feugiat eget. Fusce tristique felis at fermentum pharetra. Aliquam id orci ut lectus varius viverra.",
            },
            Object {
              "date": "2020-03-02T00:00:00.000Z",
              "name": "Bob",
              "rating": 5,
              "reviewID": 145,
              "src": "img/avatar-max.jpg",
              "text": "Lorem ipsum dolor sit amet, consectetur adipiscing elit. Cras aliquet varius magna, non porta ligula feugiat eget. Fusce tristique felis at fermentum pharetra. Aliquam id orci ut lectus varius viverra.",
            },
          ],
          "src": Array [
            "img/apartment-01.jpg",
            "img/apartment-02.jpg",
            "img/apartment-03.jpg",
          ],
          "title": "Beautiful & luxurious apartment at great location",
          "type": "house",
        },
        Object {
          "bedroomsCount": 2,
          "city": "Amsterdam",
          "coordinates": Array [
            52.369553943508,
            4.85309666406198,
          ],
          "description": "Lorem ipsum dolor sit amet, consectetur adipiscing elit. Cras aliquet varius magna, non porta ligula feugiat eget. Fusce tristique felis at fermentum pharetra. Aliquam id orci ut lectus varius viverra.",
          "host": Object {
            "avatar": "img/avatar-angelina.jpg",
            "name": "Max",
            "super": false,
          },
          "id": 2,
          "maxGuests": 4,
          "options": Array [
            "Wifi",
            "Towels",
            "Heating",
            "Cabel TV",
            "Fridge",
          ],
          "premium": true,
          "price": 300,
          "rating": 1,
          "reviews": Array [
            Object {
              "date": "2020-02-26T00:00:00.000Z",
              "name": "Alex",
              "rating": 4,
              "reviewID": 156,
              "src": "img/avatar-angelina.jpg",
              "text": "Lorem ipsum dolor sit amet, consectetur adipiscing elit. Cras aliquet varius magna, non porta ligula feugiat eget. Fusce tristique felis at fermentum pharetra. Aliquam id orci ut lectus varius viverra.",
            },
            Object {
              "date": "2020-02-24T00:00:00.000Z",
              "name": "Dana",
              "rating": 1,
              "reviewID": 198,
              "src": "img/avatar-angelina.jpg",
              "text": "Lorem ipsum dolor sit amet, consectetur adipiscing elit. Cras aliquet varius magna, non porta ligula feugiat eget. Fusce tristique felis at fermentum pharetra. Aliquam id orci ut lectus varius viverra.",
            },
          ],
          "src": Array [
            "img/apartment-02.jpg",
            "img/apartment-03.jpg",
          ],
          "title": "Wood and stone place",
          "type": "hotel",
        },
        Object {
          "bedroomsCount": 1,
          "city": "Amsterdam",
          "coordinates": Array [
            52.3909553943508,
            4.929309666406198,
          ],
          "description": "Lorem ipsum dolor sit amet, consectetur adipiscing elit. Cras aliquet varius magna, non porta ligula feugiat eget. Fusce tristique felis at fermentum pharetra. Aliquam id orci ut lectus varius viverra.",
          "host": Object {
            "avatar": "img/avatar-max.jpg",
            "name": "Bob",
            "super": true,
          },
          "id": 3,
          "maxGuests": 2,
          "options": Array [
            "Wifi",
            "Towels",
            "Cabel TV",
          ],
          "premium": false,
          "price": 450,
          "rating": 3,
          "reviews": Array [
            Object {
              "date": "2020-02-26T00:00:00.000Z",
              "name": "Max",
              "rating": 2,
              "reviewID": 176,
              "src": "img/avatar-angelina.jpg",
              "text": "Lorem ipsum dolor sit amet, consectetur adipiscing elit. Cras aliquet varius magna, non porta ligula feugiat eget. Fusce tristique felis at fermentum pharetra. Aliquam id orci ut lectus varius viverra.",
            },
          ],
          "src": Array [
            "img/apartment-03.jpg",
            "img/apartment-01.jpg",
            "img/apartment-02.jpg",
            "img/apartment-03.jpg",
          ],
          "title": "Canal View Prinsengracht",
          "type": "room",
        },
        Object {
          "bedroomsCount": 2,
          "city": "Amsterdam",
          "coordinates": Array [
            52.3809553943508,
            4.939309666406198,
          ],
          "description": "Lorem ipsum dolor sit amet, consectetur adipiscing elit. Cras aliquet varius magna, non porta ligula feugiat eget. Fusce tristique felis at fermentum pharetra. Aliquam id orci ut lectus varius viverra.",
          "host": Object {
            "avatar": "img/avatar-angelina.jpg",
            "name": "Angelina",
            "super": false,
          },
          "id": 4,
          "maxGuests": 5,
          "options": Array [
            "Wifi",
            "Towels",
            "Heating",
            "Coffee machine",
            "Baby seat",
            "Cabel TV",
          ],
          "premium": false,
          "price": 150,
          "rating": 5,
          "reviews": Array [
            Object {
              "date": "2020-02-26T00:00:00.000Z",
              "name": "John",
              "rating": 4,
              "reviewID": 169,
              "src": "img/avatar-max.jpg",
              "text": "Lorem ipsum dolor sit amet, consectetur adipiscing elit. Cras aliquet varius magna, non porta ligula feugiat eget. Fusce tristique felis at fermentum pharetra. Aliquam id orci ut lectus varius viverra.",
            },
            Object {
              "date": "2020-02-24T00:00:00.000Z",
              "name": "Victoria",
              "rating": 1,
              "reviewID": 183,
              "src": "img/avatar-max.jpg",
              "text": "Lorem ipsum dolor sit amet, consectetur adipiscing elit. Cras aliquet varius magna, non porta ligula feugiat eget. Fusce tristique felis at fermentum pharetra. Aliquam id orci ut lectus varius viverra.",
            },
            Object {
              "date": "2020-03-02T00:00:00.000Z",
              "name": "Victoria",
              "rating": 3,
              "reviewID": 147,
              "src": "img/avatar-max.jpg",
              "text": "Lorem ipsum dolor sit amet, consectetur adipiscing elit. Cras aliquet varius magna, non porta ligula feugiat eget. Fusce tristique felis at fermentum pharetra. Aliquam id orci ut lectus varius viverra.",
            },
          ],
          "src": Array [
            "img/apartment-03.jpg",
            "img/apartment-01.jpg",
            "img/apartment-02.jpg",
            "img/apartment-03.jpg",
            "img/apartment-01.jpg",
            "img/apartment-02.jpg",
          ],
          "title": "Nice, cozy, warm big bed apartment",
          "type": "apartment",
        },
        Object {
          "bedroomsCount": 4,
          "city": "Brussels",
          "coordinates": Array [
            52.3909553943508,
            4.85309666406198,
          ],
          "description": "Lorem ipsum dolor sit amet, consectetur adipiscing elit. Cras aliquet varius magna, non porta ligula feugiat eget. Fusce tristique felis at fermentum pharetra. Aliquam id orci ut lectus varius viverra.",
          "host": Object {
            "avatar": "img/avatar-max.jpg",
            "name": "John",
            "super": false,
          },
          "id": 5,
          "maxGuests": 6,
          "options": Array [
            "Wifi",
            "Washing machine",
            "Towels",
            "Heating",
            "Kitchen",
            "Dishwasher",
            "Cabel TV",
            "Fridge",
          ],
          "premium": false,
          "price": 200,
          "rating": 3,
          "reviews": Array [
            Object {
              "date": "2020-02-22T00:00:00.000Z",
              "name": "Max",
              "rating": 1,
              "reviewID": 140,
              "src": "img/avatar-max.jpg",
              "text": "Lorem ipsum dolor sit amet, consectetur adipiscing elit. Cras aliquet varius magna, non porta ligula feugiat eget. Fusce tristique felis at fermentum pharetra. Aliquam id orci ut lectus varius viverra.",
            },
            Object {
              "date": "2020-02-24T00:00:00.000Z",
              "name": "John",
              "rating": 4,
              "reviewID": 151,
              "src": "img/avatar-max.jpg",
              "text": "Lorem ipsum dolor sit amet, consectetur adipiscing elit. Cras aliquet varius magna, non porta ligula feugiat eget. Fusce tristique felis at fermentum pharetra. Aliquam id orci ut lectus varius viverra.",
            },
            Object {
              "date": "2020-02-26T00:00:00.000Z",
              "name": "Victoria",
              "rating": 3,
              "reviewID": 160,
              "src": "img/avatar-max.jpg",
              "text": "Lorem ipsum dolor sit amet, consectetur adipiscing elit. Cras aliquet varius magna, non porta ligula feugiat eget. Fusce tristique felis at fermentum pharetra. Aliquam id orci ut lectus varius viverra.",
            },
            Object {
              "date": "2020-03-02T00:00:00.000Z",
              "name": "Bob",
              "rating": 5,
              "reviewID": 145,
              "src": "img/avatar-max.jpg",
              "text": "Lorem ipsum dolor sit amet, consectetur adipiscing elit. Cras aliquet varius magna, non porta ligula feugiat eget. Fusce tristique felis at fermentum pharetra. Aliquam id orci ut lectus varius viverra.",
            },
          ],
          "src": Array [
            "img/apartment-01.jpg",
            "img/apartment-02.jpg",
            "img/apartment-03.jpg",
          ],
          "title": "Beautiful & luxurious apartment at great location",
          "type": "house",
        },
        Object {
          "bedroomsCount": 4,
          "city": "Hamburg",
          "coordinates": Array [
            52.3909553943508,
            4.85309666406198,
          ],
          "description": "Lorem ipsum dolor sit amet, consectetur adipiscing elit. Cras aliquet varius magna, non porta ligula feugiat eget. Fusce tristique felis at fermentum pharetra. Aliquam id orci ut lectus varius viverra.",
          "host": Object {
            "avatar": "img/avatar-max.jpg",
            "name": "John",
            "super": false,
          },
          "id": 6,
          "maxGuests": 6,
          "options": Array [
            "Wifi",
            "Washing machine",
            "Towels",
            "Heating",
            "Kitchen",
            "Dishwasher",
            "Cabel TV",
            "Fridge",
          ],
          "premium": false,
          "price": 200,
          "rating": 3,
          "reviews": Array [
            Object {
              "date": "2020-02-22T00:00:00.000Z",
              "name": "Max",
              "rating": 1,
              "reviewID": 140,
              "src": "img/avatar-max.jpg",
              "text": "Lorem ipsum dolor sit amet, consectetur adipiscing elit. Cras aliquet varius magna, non porta ligula feugiat eget. Fusce tristique felis at fermentum pharetra. Aliquam id orci ut lectus varius viverra.",
            },
            Object {
              "date": "2020-02-24T00:00:00.000Z",
              "name": "John",
              "rating": 4,
              "reviewID": 151,
              "src": "img/avatar-max.jpg",
              "text": "Lorem ipsum dolor sit amet, consectetur adipiscing elit. Cras aliquet varius magna, non porta ligula feugiat eget. Fusce tristique felis at fermentum pharetra. Aliquam id orci ut lectus varius viverra.",
            },
            Object {
              "date": "2020-02-26T00:00:00.000Z",
              "name": "Victoria",
              "rating": 3,
              "reviewID": 160,
              "src": "img/avatar-max.jpg",
              "text": "Lorem ipsum dolor sit amet, consectetur adipiscing elit. Cras aliquet varius magna, non porta ligula feugiat eget. Fusce tristique felis at fermentum pharetra. Aliquam id orci ut lectus varius viverra.",
            },
            Object {
              "date": "2020-03-02T00:00:00.000Z",
              "name": "Bob",
              "rating": 5,
              "reviewID": 145,
              "src": "img/avatar-max.jpg",
              "text": "Lorem ipsum dolor sit amet, consectetur adipiscing elit. Cras aliquet varius magna, non porta ligula feugiat eget. Fusce tristique felis at fermentum pharetra. Aliquam id orci ut lectus varius viverra.",
            },
          ],
          "src": Array [
            "img/apartment-01.jpg",
            "img/apartment-02.jpg",
            "img/apartment-03.jpg",
          ],
          "title": "Beautiful & luxurious apartment at great location",
          "type": "house",
        },
        Object {
          "bedroomsCount": 4,
          "city": "Paris",
          "coordinates": Array [
            52.3909553943508,
            4.85309666406198,
          ],
          "description": "Lorem ipsum dolor sit amet, consectetur adipiscing elit. Cras aliquet varius magna, non porta ligula feugiat eget. Fusce tristique felis at fermentum pharetra. Aliquam id orci ut lectus varius viverra.",
          "host": Object {
            "avatar": "img/avatar-max.jpg",
            "name": "John",
            "super": false,
          },
          "id": 7,
          "maxGuests": 6,
          "options": Array [
            "Wifi",
            "Washing machine",
            "Towels",
            "Heating",
            "Kitchen",
            "Dishwasher",
            "Cabel TV",
            "Fridge",
          ],
          "premium": false,
          "price": 200,
          "rating": 3,
          "reviews": Array [
            Object {
              "date": "2020-02-22T00:00:00.000Z",
              "name": "Max",
              "rating": 1,
              "reviewID": 140,
              "src": "img/avatar-max.jpg",
              "text": "Lorem ipsum dolor sit amet, consectetur adipiscing elit. Cras aliquet varius magna, non porta ligula feugiat eget. Fusce tristique felis at fermentum pharetra. Aliquam id orci ut lectus varius viverra.",
            },
            Object {
              "date": "2020-02-24T00:00:00.000Z",
              "name": "John",
              "rating": 4,
              "reviewID": 151,
              "src": "img/avatar-max.jpg",
              "text": "Lorem ipsum dolor sit amet, consectetur adipiscing elit. Cras aliquet varius magna, non porta ligula feugiat eget. Fusce tristique felis at fermentum pharetra. Aliquam id orci ut lectus varius viverra.",
            },
            Object {
              "date": "2020-02-26T00:00:00.000Z",
              "name": "Victoria",
              "rating": 3,
              "reviewID": 160,
              "src": "img/avatar-max.jpg",
              "text": "Lorem ipsum dolor sit amet, consectetur adipiscing elit. Cras aliquet varius magna, non porta ligula feugiat eget. Fusce tristique felis at fermentum pharetra. Aliquam id orci ut lectus varius viverra.",
            },
            Object {
              "date": "2020-03-02T00:00:00.000Z",
              "name": "Bob",
              "rating": 5,
              "reviewID": 145,
              "src": "img/avatar-max.jpg",
              "text": "Lorem ipsum dolor sit amet, consectetur adipiscing elit. Cras aliquet varius magna, non porta ligula feugiat eget. Fusce tristique felis at fermentum pharetra. Aliquam id orci ut lectus varius viverra.",
            },
          ],
          "src": Array [
            "img/apartment-01.jpg",
            "img/apartment-02.jpg",
            "img/apartment-03.jpg",
          ],
          "title": "Beautiful & luxurious apartment at great location",
          "type": "house",
        },
      ]
    }
  />,
]
`;
